     1                                  entry:
     2 00000000 EB58                        jmp ipl                         ;IPLへジャンプ
     3                                  
     4                                      ;-------------------------------
     5                                      ;【BPB(BIOS Parameter Block)】
     6                                      ;-------------------------------
     7 00000002 90<rept>                    times   90 - ($ - $$) db 0x90   ;
     8                                  
     9                                      ;-------------------------------
    10                                      ;【IPL(Initial Program Loader)】
    11                                      ;-------------------------------
    12                                  ipl:
    13                                      ;-------------------------------
    14                                      ; 処理の終了
    15                                      ;-------------------------------
    16 0000005A EBFE                        jmp $                           ;while(1); //(無限ループ)
    17                                  ;***********************************
    18                                  ;   ブートプログラム(先頭512バイトの終了)
    19                                  ;***********************************
    20 0000005C 00<rept>                    times 510 - ($ - $$) db 0x00
    21 000001FE 55AA                        db 0x55, 0xAA
